2025-12-22 11:20:49,822 [INFO] cffi mode is CFFI_MODE.ANY
2025-12-22 11:20:49,822 [INFO] R home found: /home/pxy/miniconda3/envs/r40/lib/R
2025-12-22 11:20:50,075 [INFO] R library path: /usr/local/cuda/lib64:/usr/local/cuda/lib64:
2025-12-22 11:20:50,075 [INFO] LD_LIBRARY_PATH: /usr/local/cuda/lib64:/usr/local/cuda/lib64:
2025-12-22 11:20:50,095 [INFO] Default options to initialize R: rpy2, --quiet, --no-save
2025-12-22 11:20:50,602 [INFO] R is already initialized. No need to initialize.
2025-12-22 11:20:50,603 [INFO] ================================================================================
2025-12-22 11:20:50,603 [INFO] 🚀 空间域识别训练 - PCA输入 + NB损失
2025-12-22 11:20:50,603 [INFO] ================================================================================
2025-12-22 11:20:50,649 [INFO] 📱 Device: cuda
2025-12-22 11:20:50,649 [INFO] 
📂 加载数据...
2025-12-22 11:20:51,268 [INFO]   原始数据:  3639 spots × 33538 genes
2025-12-22 11:20:51,587 [INFO]   保存原始计数到 adata.layers['counts']
2025-12-22 11:20:51,601 [INFO] 
📊 数据预处理...
2025-12-22 11:20:51,798 [INFO]   筛选高变基因 (n_top_genes=3000)...
2025-12-22 11:20:52,020 [INFO]   高变基因数量: 3001
2025-12-22 11:20:52,020 [INFO]   只保留高变基因用于训练...
2025-12-22 11:20:52,177 [INFO]   筛选后数据: 3639 spots × 3001 genes
2025-12-22 11:20:52,177 [INFO] 
🔬 在高变基因上执行 PCA 降维到 50 维...
2025-12-22 11:20:53,536 [INFO]   PCA 解释方差比:  22.00%
2025-12-22 11:20:53,536 [INFO] 
📊 构建双图...
2025-12-22 11:20:53,765 [INFO] 
🎯 初始化对比学习采样器...
2025-12-22 11:20:57,004 [INFO] 
📦 准备训练数据...
2025-12-22 11:20:57,164 [INFO]   X_pca 形状: torch.Size([3639, 50]) (编码器输入)
2025-12-22 11:20:57,191 [INFO]     - 范围: [-16.78, 22.82]
2025-12-22 11:20:57,191 [INFO]   X_raw 形状: torch.Size([3639, 3001]) (解码器目标)
2025-12-22 11:20:57,192 [INFO]     - 范围: [0, 610]
2025-12-22 11:20:57,208 [INFO]     - Library size: 1079
2025-12-22 11:20:57,242 [INFO]   ✅ 原始数据验证通过（整数计数）
2025-12-22 11:20:57,242 [INFO] 
🏗️ 初始化模型...
2025-12-22 11:20:57,294 [INFO]   参数量: 1,130,774
2025-12-22 11:20:57,295 [INFO] 
🏋️ 开始训练...
2025-12-22 11:20:57,295 [INFO] ================================================================================
2025-12-22 11:21:22,551 [INFO] 
================================================================================
2025-12-22 11:21:22,561 [INFO] Epoch 10/300 (2.11s)
2025-12-22 11:21:22,561 [INFO] ================================================================================
2025-12-22 11:21:22,561 [INFO]   Total Loss:        2747.4426
2025-12-22 11:21:22,561 [INFO]   Recon Loss:      2684.5244
2025-12-22 11:21:22,561 [INFO]   Contrast Loss:   62.9181
2025-12-22 11:21:22,561 [INFO]     - Local:         0.4964
2025-12-22 11:21:22,561 [INFO]     - Global:      2.1532
2025-12-22 11:21:22,562 [INFO]   Gate (Independent):
2025-12-22 11:21:22,562 [INFO]     - Spatial:      0.501
2025-12-22 11:21:22,562 [INFO]     - Expression:  0.492
2025-12-22 11:21:22,562 [INFO]   Dispersion (θ):  54.342 ± 0.007
2025-12-22 11:21:22,562 [INFO]   LR:               0.000499
2025-12-22 11:21:22,980 [INFO]   ✅ 保存最佳模型 (loss=2747.4426)
2025-12-22 11:21:47,590 [INFO] 
================================================================================
2025-12-22 11:21:47,599 [INFO] Epoch 20/300 (2.09s)
2025-12-22 11:21:47,599 [INFO] ================================================================================
2025-12-22 11:21:47,599 [INFO]   Total Loss:        2342.5522
2025-12-22 11:21:47,599 [INFO]   Recon Loss:      2286.9143
2025-12-22 11:21:47,599 [INFO]   Contrast Loss:   55.6378
2025-12-22 11:21:47,599 [INFO]     - Local:         0.5093
2025-12-22 11:21:47,599 [INFO]     - Global:      1.7633
2025-12-22 11:21:47,599 [INFO]   Gate (Independent):
2025-12-22 11:21:47,599 [INFO]     - Spatial:      0.496
2025-12-22 11:21:47,599 [INFO]     - Expression:  0.491
2025-12-22 11:21:47,600 [INFO]   Dispersion (θ):  54.156 ± 0.030
2025-12-22 11:21:47,600 [INFO]   LR:               0.000495
2025-12-22 11:21:47,954 [INFO]   ✅ 保存最佳模型 (loss=2342.5522)
2025-12-22 11:22:12,464 [INFO] 
================================================================================
2025-12-22 11:22:12,474 [INFO] Epoch 30/300 (2.10s)
2025-12-22 11:22:12,474 [INFO] ================================================================================
2025-12-22 11:22:12,474 [INFO]   Total Loss:        1868.1528
2025-12-22 11:22:12,474 [INFO]   Recon Loss:      1814.9915
2025-12-22 11:22:12,474 [INFO]   Contrast Loss:   53.1614
2025-12-22 11:22:12,474 [INFO]     - Local:         0.5061
2025-12-22 11:22:12,474 [INFO]     - Global:      1.6459
2025-12-22 11:22:12,474 [INFO]   Gate (Independent):
2025-12-22 11:22:12,474 [INFO]     - Spatial:      0.490
2025-12-22 11:22:12,474 [INFO]     - Expression:  0.485
2025-12-22 11:22:12,474 [INFO]   Dispersion (θ):  54.033 ± 0.059
2025-12-22 11:22:12,475 [INFO]   LR:               0.000488
2025-12-22 11:22:12,889 [INFO]   ✅ 保存最佳模型 (loss=1868.1528)
2025-12-22 11:22:37,516 [INFO] 
================================================================================
2025-12-22 11:22:37,525 [INFO] Epoch 40/300 (2.09s)
2025-12-22 11:22:37,526 [INFO] ================================================================================
2025-12-22 11:22:37,526 [INFO]   Total Loss:        1540.7217
2025-12-22 11:22:37,526 [INFO]   Recon Loss:      1491.1179
2025-12-22 11:22:37,526 [INFO]   Contrast Loss:   49.6037
2025-12-22 11:22:37,526 [INFO]     - Local:         0.4976
2025-12-22 11:22:37,526 [INFO]     - Global:      1.4850
2025-12-22 11:22:37,526 [INFO]   Gate (Independent):
2025-12-22 11:22:37,526 [INFO]     - Spatial:      0.485
2025-12-22 11:22:37,526 [INFO]     - Expression:  0.479
2025-12-22 11:22:37,526 [INFO]   Dispersion (θ):  53.944 ± 0.093
2025-12-22 11:22:37,526 [INFO]   LR:               0.000479
2025-12-22 11:22:37,887 [INFO]   ✅ 保存最佳模型 (loss=1540.7217)
