2025-12-29 22:28:51,262 [INFO] ================================================================================
2025-12-29 22:28:51,263 [INFO] 🚀 空间域识别训练 - Attention-GIB + 双视图对比学习
2025-12-29 22:28:51,263 [INFO] ================================================================================
2025-12-29 22:28:51,263 [INFO] 📱 Device: cuda
2025-12-29 22:28:51,263 [INFO] 
📂 加载数据:  ../data/DLPFC/st/151673
2025-12-29 22:28:51,887 [INFO]   数据形状: (3639, 33538)
2025-12-29 22:28:51,887 [INFO]   样本数: 3639
2025-12-29 22:28:51,887 [INFO]   基因数: 33538
2025-12-29 22:28:51,887 [INFO] 
🔧 数据预处理...
2025-12-29 22:28:52,505 [INFO]   ✅ 选择 3000 个高变基因
2025-12-29 22:28:59,626 [INFO]   ✅ PCA降维到 50 维
2025-12-29 22:28:59,626 [INFO] 
📊 构建空间KNN图...
2025-12-29 22:28:59,811 [INFO]   ✅ 空间图:  21834 条边
2025-12-29 22:28:59,811 [INFO] 
📦 准备训练数据...
2025-12-29 22:29:00,061 [INFO]   参数量: 1,266,766
2025-12-29 22:29:00,061 [INFO] 
🏋️ 开始训练...
2025-12-29 22:29:00,061 [INFO] ================================================================================
2025-12-29 22:29:05,448 [INFO] 
================================================================================
2025-12-29 22:29:05,449 [INFO] Epoch 10/300 (0.04s)
2025-12-29 22:29:05,449 [INFO] ================================================================================
2025-12-29 22:29:05,449 [INFO]   Total Loss:               2354.4351
2025-12-29 22:29:05,449 [INFO]   Recon Loss:              2348.2981
2025-12-29 22:29:05,449 [INFO]   Contrastive Loss:        6.0882
2025-12-29 22:29:05,449 [INFO]   GIB Loss:                0.4880
2025-12-29 22:29:05,449 [INFO]   GIB Keep Rate:           0.618
2025-12-29 22:29:05,449 [INFO]   GIB Avg Prob:            0.483
2025-12-29 22:29:05,449 [INFO]   Dispersion (θ):          54.416 ± 0.182
2025-12-29 22:29:05,449 [INFO]   Learning Rate:           0.000499
2025-12-29 22:29:09,477 [INFO] 
================================================================================
2025-12-29 22:29:09,477 [INFO] Epoch 20/300 (0.04s)
2025-12-29 22:29:09,477 [INFO] ================================================================================
2025-12-29 22:29:09,477 [INFO]   Total Loss:               1947.8140
2025-12-29 22:29:09,477 [INFO]   Recon Loss:              1940.1633
2025-12-29 22:29:09,477 [INFO]   Contrastive Loss:        7.6437
2025-12-29 22:29:09,477 [INFO]   GIB Loss:                0.0695
2025-12-29 22:29:09,477 [INFO]   GIB Keep Rate:           0.000
2025-12-29 22:29:09,477 [INFO]   GIB Avg Prob:            0.068
2025-12-29 22:29:09,478 [INFO]   Dispersion (θ):          54.274 ± 0.330
2025-12-29 22:29:09,478 [INFO]   Learning Rate:           0.000495
2025-12-29 22:29:13,568 [INFO] 
================================================================================
2025-12-29 22:29:13,568 [INFO] Epoch 30/300 (0.03s)
2025-12-29 22:29:13,568 [INFO] ================================================================================
2025-12-29 22:29:13,568 [INFO]   Total Loss:               1671.7068
2025-12-29 22:29:13,568 [INFO]   Recon Loss:              1663.3527
2025-12-29 22:29:13,568 [INFO]   Contrastive Loss:        8.3534
2025-12-29 22:29:13,568 [INFO]   GIB Loss:                0.0070
2025-12-29 22:29:13,568 [INFO]   GIB Keep Rate:           0.000
2025-12-29 22:29:13,568 [INFO]   GIB Avg Prob:            0.007
2025-12-29 22:29:13,568 [INFO]   Dispersion (θ):          54.173 ± 0.443
2025-12-29 22:29:13,568 [INFO]   Learning Rate:           0.000488
2025-12-29 22:29:17,542 [INFO] 
================================================================================
2025-12-29 22:29:17,543 [INFO] Epoch 40/300 (0.04s)
2025-12-29 22:29:17,543 [INFO] ================================================================================
2025-12-29 22:29:17,543 [INFO]   Total Loss:               1493.2626
2025-12-29 22:29:17,543 [INFO]   Recon Loss:              1484.7793
2025-12-29 22:29:17,543 [INFO]   Contrastive Loss:        8.4830
2025-12-29 22:29:17,543 [INFO]   GIB Loss:                0.0022
2025-12-29 22:29:17,543 [INFO]   GIB Keep Rate:           0.000
2025-12-29 22:29:17,543 [INFO]   GIB Avg Prob:            0.002
2025-12-29 22:29:17,543 [INFO]   Dispersion (θ):          54.092 ± 0.532
2025-12-29 22:29:17,543 [INFO]   Learning Rate:           0.000479
2025-12-29 22:29:21,642 [INFO] 
================================================================================
2025-12-29 22:29:21,642 [INFO] Epoch 50/300 (0.04s)
2025-12-29 22:29:21,642 [INFO] ================================================================================
2025-12-29 22:29:21,642 [INFO]   Total Loss:               1379.2861
2025-12-29 22:29:21,642 [INFO]   Recon Loss:              1370.9666
2025-12-29 22:29:21,642 [INFO]   Contrastive Loss:        8.3195
2025-12-29 22:29:21,642 [INFO]   GIB Loss:                0.0013
2025-12-29 22:29:21,642 [INFO]   GIB Keep Rate:           0.000
2025-12-29 22:29:21,642 [INFO]   GIB Avg Prob:            0.001
2025-12-29 22:29:21,642 [INFO]   Dispersion (θ):          54.009 ± 0.603
2025-12-29 22:29:21,642 [INFO]   Learning Rate:           0.000467
2025-12-29 22:29:25,684 [INFO] 
================================================================================
2025-12-29 22:29:25,685 [INFO] Epoch 60/300 (0.04s)
2025-12-29 22:29:25,685 [INFO] ================================================================================
2025-12-29 22:29:25,685 [INFO]   Total Loss:               1306.9581
2025-12-29 22:29:25,685 [INFO]   Recon Loss:              1298.9188
2025-12-29 22:29:25,685 [INFO]   Contrastive Loss:        8.0392
2025-12-29 22:29:25,685 [INFO]   GIB Loss:                0.0011
2025-12-29 22:29:25,685 [INFO]   GIB Keep Rate:           0.000
2025-12-29 22:29:25,685 [INFO]   GIB Avg Prob:            0.001
2025-12-29 22:29:25,685 [INFO]   Dispersion (θ):          53.911 ± 0.665
2025-12-29 22:29:25,685 [INFO]   Learning Rate:           0.000453
2025-12-29 22:29:29,853 [INFO] 
================================================================================
2025-12-29 22:29:29,853 [INFO] Epoch 70/300 (0.04s)
2025-12-29 22:29:29,853 [INFO] ================================================================================
2025-12-29 22:29:29,853 [INFO]   Total Loss:               1261.2944
2025-12-29 22:29:29,853 [INFO]   Recon Loss:              1253.6639
2025-12-29 22:29:29,853 [INFO]   Contrastive Loss:        7.6303
2025-12-29 22:29:29,853 [INFO]   GIB Loss:                0.0009
2025-12-29 22:29:29,853 [INFO]   GIB Keep Rate:           0.000
2025-12-29 22:29:29,853 [INFO]   GIB Avg Prob:            0.001
2025-12-29 22:29:29,853 [INFO]   Dispersion (θ):          53.789 ± 0.726
2025-12-29 22:29:29,853 [INFO]   Learning Rate:           0.000436
2025-12-29 22:29:33,834 [INFO] 
================================================================================
2025-12-29 22:29:33,834 [INFO] Epoch 80/300 (0.04s)
2025-12-29 22:29:33,834 [INFO] ================================================================================
2025-12-29 22:29:33,835 [INFO]   Total Loss:               1233.3541
2025-12-29 22:29:33,835 [INFO]   Recon Loss:              1226.0266
2025-12-29 22:29:33,835 [INFO]   Contrastive Loss:        7.3274
2025-12-29 22:29:33,835 [INFO]   GIB Loss:                0.0006
2025-12-29 22:29:33,835 [INFO]   GIB Keep Rate:           0.000
2025-12-29 22:29:33,835 [INFO]   GIB Avg Prob:            0.001
2025-12-29 22:29:33,835 [INFO]   Dispersion (θ):          53.630 ± 0.794
2025-12-29 22:29:33,835 [INFO]   Learning Rate:           0.000418
2025-12-29 22:29:37,975 [INFO] 
================================================================================
2025-12-29 22:29:37,976 [INFO] Epoch 90/300 (0.04s)
2025-12-29 22:29:37,976 [INFO] ================================================================================
2025-12-29 22:29:37,976 [INFO]   Total Loss:               1216.5333
2025-12-29 22:29:37,976 [INFO]   Recon Loss:              1209.4376
2025-12-29 22:29:37,976 [INFO]   Contrastive Loss:        7.0958
2025-12-29 22:29:37,976 [INFO]   GIB Loss:                0.0004
2025-12-29 22:29:37,976 [INFO]   GIB Keep Rate:           0.000
2025-12-29 22:29:37,976 [INFO]   GIB Avg Prob:            0.000
2025-12-29 22:29:37,976 [INFO]   Dispersion (θ):          53.427 ± 0.876
2025-12-29 22:29:37,976 [INFO]   Learning Rate:           0.000398
2025-12-29 22:29:42,084 [INFO] 
================================================================================
2025-12-29 22:29:42,084 [INFO] Epoch 100/300 (0.04s)
2025-12-29 22:29:42,084 [INFO] ================================================================================
2025-12-29 22:29:42,084 [INFO]   Total Loss:               1206.2875
2025-12-29 22:29:42,084 [INFO]   Recon Loss:              1199.4362
2025-12-29 22:29:42,084 [INFO]   Contrastive Loss:        6.8513
2025-12-29 22:29:42,084 [INFO]   GIB Loss:                0.0002
2025-12-29 22:29:42,084 [INFO]   GIB Keep Rate:           0.000
2025-12-29 22:29:42,084 [INFO]   GIB Avg Prob:            0.000
2025-12-29 22:29:42,085 [INFO]   Dispersion (θ):          53.185 ± 0.966
2025-12-29 22:29:42,085 [INFO]   Learning Rate:           0.000376
2025-12-29 22:29:46,272 [INFO] 
================================================================================
2025-12-29 22:29:46,272 [INFO] Epoch 110/300 (0.04s)
2025-12-29 22:29:46,273 [INFO] ================================================================================
2025-12-29 22:29:46,273 [INFO]   Total Loss:               1200.0653
2025-12-29 22:29:46,273 [INFO]   Recon Loss:              1193.4484
2025-12-29 22:29:46,273 [INFO]   Contrastive Loss:        6.6169
2025-12-29 22:29:46,273 [INFO]   GIB Loss:                0.0001
2025-12-29 22:29:46,273 [INFO]   GIB Keep Rate:           0.000
2025-12-29 22:29:46,273 [INFO]   GIB Avg Prob:            0.000
2025-12-29 22:29:46,273 [INFO]   Dispersion (θ):          52.924 ± 1.051
2025-12-29 22:29:46,273 [INFO]   Learning Rate:           0.000353
2025-12-29 22:29:50,432 [INFO] 
================================================================================
2025-12-29 22:29:50,432 [INFO] Epoch 120/300 (0.04s)
2025-12-29 22:29:50,432 [INFO] ================================================================================
2025-12-29 22:29:50,432 [INFO]   Total Loss:               1196.2584
2025-12-29 22:29:50,432 [INFO]   Recon Loss:              1189.8066
2025-12-29 22:29:50,432 [INFO]   Contrastive Loss:        6.4518
2025-12-29 22:29:50,432 [INFO]   GIB Loss:                0.0001
2025-12-29 22:29:50,432 [INFO]   GIB Keep Rate:           0.000
2025-12-29 22:29:50,433 [INFO]   GIB Avg Prob:            0.000
2025-12-29 22:29:50,433 [INFO]   Dispersion (θ):          52.665 ± 1.126
2025-12-29 22:29:50,433 [INFO]   Learning Rate:           0.000329
2025-12-29 22:29:54,769 [INFO] 
================================================================================
2025-12-29 22:29:54,769 [INFO] Epoch 130/300 (0.04s)
2025-12-29 22:29:54,769 [INFO] ================================================================================
2025-12-29 22:29:54,769 [INFO]   Total Loss:               1193.6150
2025-12-29 22:29:54,769 [INFO]   Recon Loss:              1187.2877
2025-12-29 22:29:54,769 [INFO]   Contrastive Loss:        6.3273
2025-12-29 22:29:54,770 [INFO]   GIB Loss:                0.0001
2025-12-29 22:29:54,770 [INFO]   GIB Keep Rate:           0.000
2025-12-29 22:29:54,770 [INFO]   GIB Avg Prob:            0.000
2025-12-29 22:29:54,770 [INFO]   Dispersion (θ):          52.423 ± 1.188
2025-12-29 22:29:54,770 [INFO]   Learning Rate:           0.000304
2025-12-29 22:29:58,161 [INFO] 
================================================================================
2025-12-29 22:29:58,161 [INFO] Epoch 140/300 (0.03s)
2025-12-29 22:29:58,161 [INFO] ================================================================================
2025-12-29 22:29:58,161 [INFO]   Total Loss:               1191.5094
2025-12-29 22:29:58,161 [INFO]   Recon Loss:              1185.2849
2025-12-29 22:29:58,161 [INFO]   Contrastive Loss:        6.2245
2025-12-29 22:29:58,161 [INFO]   GIB Loss:                0.0000
2025-12-29 22:29:58,161 [INFO]   GIB Keep Rate:           0.000
2025-12-29 22:29:58,162 [INFO]   GIB Avg Prob:            0.000
2025-12-29 22:29:58,162 [INFO]   Dispersion (θ):          52.207 ± 1.241
2025-12-29 22:29:58,162 [INFO]   Learning Rate:           0.000278
2025-12-29 22:30:00,581 [INFO] 
================================================================================
2025-12-29 22:30:00,581 [INFO] Epoch 150/300 (0.04s)
2025-12-29 22:30:00,581 [INFO] ================================================================================
2025-12-29 22:30:00,581 [INFO]   Total Loss:               1190.1920
2025-12-29 22:30:00,581 [INFO]   Recon Loss:              1184.0339
2025-12-29 22:30:00,581 [INFO]   Contrastive Loss:        6.1580
2025-12-29 22:30:00,581 [INFO]   GIB Loss:                0.0000
2025-12-29 22:30:00,581 [INFO]   GIB Keep Rate:           0.000
2025-12-29 22:30:00,582 [INFO]   GIB Avg Prob:            0.000
2025-12-29 22:30:00,582 [INFO]   Dispersion (θ):          52.038 ± 1.281
2025-12-29 22:30:00,582 [INFO]   Learning Rate:           0.000252
2025-12-29 22:30:03,020 [INFO] 
================================================================================
2025-12-29 22:30:03,020 [INFO] Epoch 160/300 (0.04s)
2025-12-29 22:30:03,020 [INFO] ================================================================================
2025-12-29 22:30:03,020 [INFO]   Total Loss:               1188.7804
2025-12-29 22:30:03,020 [INFO]   Recon Loss:              1182.6879
2025-12-29 22:30:03,020 [INFO]   Contrastive Loss:        6.0925
2025-12-29 22:30:03,020 [INFO]   GIB Loss:                0.0000
2025-12-29 22:30:03,020 [INFO]   GIB Keep Rate:           0.000
2025-12-29 22:30:03,021 [INFO]   GIB Avg Prob:            0.000
2025-12-29 22:30:03,021 [INFO]   Dispersion (θ):          51.893 ± 1.314
2025-12-29 22:30:03,021 [INFO]   Learning Rate:           0.000227
2025-12-29 22:30:06,460 [INFO] 
================================================================================
2025-12-29 22:30:06,460 [INFO] Epoch 170/300 (0.04s)
2025-12-29 22:30:06,460 [INFO] ================================================================================
2025-12-29 22:30:06,460 [INFO]   Total Loss:               1187.8409
2025-12-29 22:30:06,460 [INFO]   Recon Loss:              1181.7970
2025-12-29 22:30:06,460 [INFO]   Contrastive Loss:        6.0439
2025-12-29 22:30:06,460 [INFO]   GIB Loss:                0.0000
2025-12-29 22:30:06,460 [INFO]   GIB Keep Rate:           0.000
2025-12-29 22:30:06,460 [INFO]   GIB Avg Prob:            0.000
2025-12-29 22:30:06,460 [INFO]   Dispersion (θ):          51.745 ± 1.347
2025-12-29 22:30:06,460 [INFO]   Learning Rate:           0.000201
2025-12-29 22:30:08,966 [INFO] 
================================================================================
2025-12-29 22:30:08,967 [INFO] Epoch 180/300 (0.04s)
2025-12-29 22:30:08,967 [INFO] ================================================================================
2025-12-29 22:30:08,967 [INFO]   Total Loss:               1186.5724
2025-12-29 22:30:08,967 [INFO]   Recon Loss:              1180.5948
2025-12-29 22:30:08,967 [INFO]   Contrastive Loss:        5.9775
2025-12-29 22:30:08,967 [INFO]   GIB Loss:                0.0000
2025-12-29 22:30:08,967 [INFO]   GIB Keep Rate:           0.000
2025-12-29 22:30:08,967 [INFO]   GIB Avg Prob:            0.000
2025-12-29 22:30:08,967 [INFO]   Dispersion (θ):          51.612 ± 1.377
2025-12-29 22:30:08,967 [INFO]   Learning Rate:           0.000176
2025-12-29 22:30:11,964 [INFO] 
================================================================================
2025-12-29 22:30:11,964 [INFO] Epoch 190/300 (0.04s)
2025-12-29 22:30:11,964 [INFO] ================================================================================
2025-12-29 22:30:11,964 [INFO]   Total Loss:               1185.9813
2025-12-29 22:30:11,964 [INFO]   Recon Loss:              1180.0272
2025-12-29 22:30:11,964 [INFO]   Contrastive Loss:        5.9542
2025-12-29 22:30:11,964 [INFO]   GIB Loss:                0.0000
2025-12-29 22:30:11,964 [INFO]   GIB Keep Rate:           0.000
2025-12-29 22:30:11,964 [INFO]   GIB Avg Prob:            0.000
2025-12-29 22:30:11,964 [INFO]   Dispersion (θ):          51.493 ± 1.404
2025-12-29 22:30:11,964 [INFO]   Learning Rate:           0.000152
2025-12-29 22:30:13,697 [INFO] 
================================================================================
2025-12-29 22:30:13,697 [INFO] Epoch 200/300 (0.02s)
2025-12-29 22:30:13,697 [INFO] ================================================================================
2025-12-29 22:30:13,697 [INFO]   Total Loss:               1185.3748
2025-12-29 22:30:13,697 [INFO]   Recon Loss:              1179.4525
2025-12-29 22:30:13,697 [INFO]   Contrastive Loss:        5.9222
2025-12-29 22:30:13,697 [INFO]   GIB Loss:                0.0000
2025-12-29 22:30:13,697 [INFO]   GIB Keep Rate:           0.000
2025-12-29 22:30:13,697 [INFO]   GIB Avg Prob:            0.000
2025-12-29 22:30:13,697 [INFO]   Dispersion (θ):          51.393 ± 1.426
2025-12-29 22:30:13,697 [INFO]   Learning Rate:           0.000129
2025-12-29 22:30:15,394 [INFO] 
================================================================================
2025-12-29 22:30:15,394 [INFO] Epoch 210/300 (0.04s)
2025-12-29 22:30:15,394 [INFO] ================================================================================
2025-12-29 22:30:15,394 [INFO]   Total Loss:               1184.9863
2025-12-29 22:30:15,394 [INFO]   Recon Loss:              1179.0939
2025-12-29 22:30:15,394 [INFO]   Contrastive Loss:        5.8925
2025-12-29 22:30:15,394 [INFO]   GIB Loss:                0.0000
2025-12-29 22:30:15,395 [INFO]   GIB Keep Rate:           0.000
2025-12-29 22:30:15,395 [INFO]   GIB Avg Prob:            0.000
2025-12-29 22:30:15,395 [INFO]   Dispersion (θ):          51.315 ± 1.444
2025-12-29 22:30:15,395 [INFO]   Learning Rate:           0.000107
2025-12-29 22:30:17,146 [INFO] 
================================================================================
2025-12-29 22:30:17,146 [INFO] Epoch 220/300 (0.03s)
2025-12-29 22:30:17,146 [INFO] ================================================================================
2025-12-29 22:30:17,147 [INFO]   Total Loss:               1184.2317
2025-12-29 22:30:17,147 [INFO]   Recon Loss:              1178.3702
2025-12-29 22:30:17,147 [INFO]   Contrastive Loss:        5.8614
2025-12-29 22:30:17,147 [INFO]   GIB Loss:                0.0000
2025-12-29 22:30:17,147 [INFO]   GIB Keep Rate:           0.000
2025-12-29 22:30:17,147 [INFO]   GIB Avg Prob:            0.000
2025-12-29 22:30:17,147 [INFO]   Dispersion (θ):          51.252 ± 1.458
2025-12-29 22:30:17,147 [INFO]   Learning Rate:           0.000087
2025-12-29 22:30:19,279 [INFO] 
================================================================================
2025-12-29 22:30:19,279 [INFO] Epoch 230/300 (0.02s)
2025-12-29 22:30:19,279 [INFO] ================================================================================
2025-12-29 22:30:19,279 [INFO]   Total Loss:               1183.9594
2025-12-29 22:30:19,279 [INFO]   Recon Loss:              1178.1064
2025-12-29 22:30:19,279 [INFO]   Contrastive Loss:        5.8529
2025-12-29 22:30:19,279 [INFO]   GIB Loss:                0.0000
2025-12-29 22:30:19,279 [INFO]   GIB Keep Rate:           0.000
2025-12-29 22:30:19,279 [INFO]   GIB Avg Prob:            0.000
2025-12-29 22:30:19,279 [INFO]   Dispersion (θ):          51.201 ± 1.470
2025-12-29 22:30:19,279 [INFO]   Learning Rate:           0.000069
2025-12-29 22:30:19,873 [INFO] 
================================================================================
2025-12-29 22:30:19,873 [INFO] Epoch 240/300 (0.02s)
2025-12-29 22:30:19,873 [INFO] ================================================================================
2025-12-29 22:30:19,873 [INFO]   Total Loss:               1183.6271
2025-12-29 22:30:19,873 [INFO]   Recon Loss:              1177.7885
2025-12-29 22:30:19,873 [INFO]   Contrastive Loss:        5.8386
2025-12-29 22:30:19,873 [INFO]   GIB Loss:                0.0000
2025-12-29 22:30:19,873 [INFO]   GIB Keep Rate:           0.000
2025-12-29 22:30:19,873 [INFO]   GIB Avg Prob:            0.000
2025-12-29 22:30:19,873 [INFO]   Dispersion (θ):          51.162 ± 1.478
2025-12-29 22:30:19,873 [INFO]   Learning Rate:           0.000052
2025-12-29 22:30:20,467 [INFO] 
================================================================================
2025-12-29 22:30:20,467 [INFO] Epoch 250/300 (0.03s)
2025-12-29 22:30:20,467 [INFO] ================================================================================
2025-12-29 22:30:20,467 [INFO]   Total Loss:               1183.5078
2025-12-29 22:30:20,467 [INFO]   Recon Loss:              1177.6732
2025-12-29 22:30:20,467 [INFO]   Contrastive Loss:        5.8346
2025-12-29 22:30:20,468 [INFO]   GIB Loss:                0.0000
2025-12-29 22:30:20,468 [INFO]   GIB Keep Rate:           0.000
2025-12-29 22:30:20,468 [INFO]   GIB Avg Prob:            0.000
2025-12-29 22:30:20,468 [INFO]   Dispersion (θ):          51.133 ± 1.485
2025-12-29 22:30:20,468 [INFO]   Learning Rate:           0.000038
2025-12-29 22:30:21,455 [INFO] 
================================================================================
2025-12-29 22:30:21,455 [INFO] Epoch 260/300 (0.03s)
2025-12-29 22:30:21,455 [INFO] ================================================================================
2025-12-29 22:30:21,455 [INFO]   Total Loss:               1183.2451
2025-12-29 22:30:21,455 [INFO]   Recon Loss:              1177.4291
2025-12-29 22:30:21,455 [INFO]   Contrastive Loss:        5.8161
2025-12-29 22:30:21,455 [INFO]   GIB Loss:                0.0000
2025-12-29 22:30:21,455 [INFO]   GIB Keep Rate:           0.000
2025-12-29 22:30:21,456 [INFO]   GIB Avg Prob:            0.000
2025-12-29 22:30:21,456 [INFO]   Dispersion (θ):          51.112 ± 1.489
2025-12-29 22:30:21,456 [INFO]   Learning Rate:           0.000026
2025-12-29 22:30:22,768 [INFO] 
================================================================================
2025-12-29 22:30:22,769 [INFO] Epoch 270/300 (0.03s)
2025-12-29 22:30:22,769 [INFO] ================================================================================
2025-12-29 22:30:22,769 [INFO]   Total Loss:               1183.1213
2025-12-29 22:30:22,769 [INFO]   Recon Loss:              1177.2968
2025-12-29 22:30:22,769 [INFO]   Contrastive Loss:        5.8246
2025-12-29 22:30:22,769 [INFO]   GIB Loss:                0.0000
2025-12-29 22:30:22,769 [INFO]   GIB Keep Rate:           0.000
2025-12-29 22:30:22,769 [INFO]   GIB Avg Prob:            0.000
2025-12-29 22:30:22,769 [INFO]   Dispersion (θ):          51.098 ± 1.492
2025-12-29 22:30:22,769 [INFO]   Learning Rate:           0.000017
2025-12-29 22:30:23,731 [INFO] 
================================================================================
2025-12-29 22:30:23,731 [INFO] Epoch 280/300 (0.03s)
2025-12-29 22:30:23,731 [INFO] ================================================================================
2025-12-29 22:30:23,731 [INFO]   Total Loss:               1183.1714
2025-12-29 22:30:23,731 [INFO]   Recon Loss:              1177.3561
2025-12-29 22:30:23,731 [INFO]   Contrastive Loss:        5.8153
2025-12-29 22:30:23,731 [INFO]   GIB Loss:                0.0000
2025-12-29 22:30:23,731 [INFO]   GIB Keep Rate:           0.000
2025-12-29 22:30:23,731 [INFO]   GIB Avg Prob:            0.000
2025-12-29 22:30:23,731 [INFO]   Dispersion (θ):          51.089 ± 1.494
2025-12-29 22:30:23,731 [INFO]   Learning Rate:           0.000010
2025-12-29 22:30:24,315 [INFO] 
================================================================================
2025-12-29 22:30:24,315 [INFO] Epoch 290/300 (0.03s)
2025-12-29 22:30:24,315 [INFO] ================================================================================
2025-12-29 22:30:24,315 [INFO]   Total Loss:               1183.2261
2025-12-29 22:30:24,315 [INFO]   Recon Loss:              1177.3986
2025-12-29 22:30:24,315 [INFO]   Contrastive Loss:        5.8275
2025-12-29 22:30:24,315 [INFO]   GIB Loss:                0.0000
2025-12-29 22:30:24,315 [INFO]   GIB Keep Rate:           0.000
2025-12-29 22:30:24,315 [INFO]   GIB Avg Prob:            0.000
2025-12-29 22:30:24,315 [INFO]   Dispersion (θ):          51.083 ± 1.495
2025-12-29 22:30:24,315 [INFO]   Learning Rate:           0.000006
2025-12-29 22:30:24,575 [INFO] 
================================================================================
2025-12-29 22:30:24,575 [INFO] Epoch 300/300 (0.02s)
2025-12-29 22:30:24,575 [INFO] ================================================================================
2025-12-29 22:30:24,575 [INFO]   Total Loss:               1183.1136
2025-12-29 22:30:24,576 [INFO]   Recon Loss:              1177.2949
2025-12-29 22:30:24,576 [INFO]   Contrastive Loss:        5.8187
2025-12-29 22:30:24,576 [INFO]   GIB Loss:                0.0000
2025-12-29 22:30:24,576 [INFO]   GIB Keep Rate:           0.000
2025-12-29 22:30:24,576 [INFO]   GIB Avg Prob:            0.000
2025-12-29 22:30:24,576 [INFO]   Dispersion (θ):          51.080 ± 1.496
2025-12-29 22:30:24,576 [INFO]   Learning Rate:           0.000005
2025-12-29 22:30:24,576 [INFO] 
================================================================================
2025-12-29 22:30:24,576 [INFO] 🎉 训练完成！
2025-12-29 22:30:24,576 [INFO]    最佳损失: 1183.0035
2025-12-29 22:30:24,576 [INFO] ================================================================================
2025-12-29 22:30:24,589 [INFO]   ✅ 保存训练历史到 results/gib_contrastive_v3/training_history.csv
2025-12-29 22:30:24,589 [INFO] 
🔍 提取 latent 表示并聚类...
2025-12-29 22:30:24,597 [INFO]   ✅ Latent 表示:   (3639, 32)
2025-12-29 22:30:24,597 [INFO] 
🎯 使用指定的聚类数:  7, 模型:  EEE
2025-12-29 22:30:24,602 [INFO] cffi mode is CFFI_MODE.ANY
2025-12-29 22:30:24,602 [INFO] R home found: /home/pxy/miniconda3/envs/r40/lib/R
2025-12-29 22:30:24,852 [INFO] R library path: /usr/local/cuda/lib64:/usr/local/cuda/lib64:
2025-12-29 22:30:24,852 [INFO] LD_LIBRARY_PATH: /usr/local/cuda/lib64:/usr/local/cuda/lib64:
2025-12-29 22:30:24,873 [INFO] Default options to initialize R: rpy2, --quiet, --no-save
2025-12-29 22:30:25,373 [INFO] R is already initialized. No need to initialize.
2025-12-29 22:30:25,387 [WARNING] R callback write-console:                    __           __ 
   ____ ___  _____/ /_  _______/ /_
  / __ `__ \/ ___/ / / / / ___/ __/
 / / / / / / /__/ / /_/ (__  ) /_  
/_/ /_/ /_/\___/_/\__,_/____/\__/   version 6.1.1
Type 'citation("mclust")' for citing this R package in publications.
  
2025-12-29 22:30:34,707 [INFO]   ✅ 发现 7 个空间域
2025-12-29 22:30:34,708 [INFO]   聚类分布:
2025-12-29 22:30:34,709 [INFO]     - 域 0: 1134 个样本
2025-12-29 22:30:34,709 [INFO]     - 域 1: 481 个样本
2025-12-29 22:30:34,709 [INFO]     - 域 2: 287 个样本
2025-12-29 22:30:34,709 [INFO]     - 域 3: 412 个样本
2025-12-29 22:30:34,709 [INFO]     - 域 4: 587 个样本
2025-12-29 22:30:34,709 [INFO]     - 域 5: 205 个样本
2025-12-29 22:30:34,709 [INFO]     - 域 6: 533 个样本
2025-12-29 22:30:35,838 [INFO] 
💾 保存结果到 results/gib_contrastive_v3/adata_with_domains.h5ad
2025-12-29 22:30:35,839 [INFO] 
📊 计算评估指标...
2025-12-29 22:30:35,839 [INFO]   找到 metadata 文件: ../data/DLPFC/st/151673/metadata.tsv
2025-12-29 22:30:35,885 [INFO]   metadata 形状: (3639, 72)
2025-12-29 22:30:35,885 [INFO]   metadata 列:  ['sample_name', 'tissue', 'row', 'col', 'imagerow', 'imagecol', 'Cluster', 'height', 'width', 'sum_umi', 'sum_gene', 'subject', 'position', 'replicate', 'subject_position', 'discard', 'key', 'cell_count', 'SNN_k50_k4', 'SNN_k50_k5', 'SNN_k50_k6', 'SNN_k50_k7', 'SNN_k50_k8', 'SNN_k50_k9', 'SNN_k50_k10', 'SNN_k50_k11', 'SNN_k50_k12', 'SNN_k50_k13', 'SNN_k50_k14', 'SNN_k50_k15', 'SNN_k50_k16', 'SNN_k50_k17', 'SNN_k50_k18', 'SNN_k50_k19', 'SNN_k50_k20', 'SNN_k50_k21', 'SNN_k50_k22', 'SNN_k50_k23', 'SNN_k50_k24', 'SNN_k50_k25', 'SNN_k50_k26', 'SNN_k50_k27', 'SNN_k50_k28', 'GraphBased', 'Maynard', 'Martinowich', 'Layer', 'layer_guess', 'layer_guess_reordered', 'layer_guess_reordered_short', 'expr_chrM', 'expr_chrM_ratio', 'SpatialDE_PCA', 'SpatialDE_pool_PCA', 'HVG_PCA', 'pseudobulk_PCA', 'markers_PCA', 'SpatialDE_UMAP', 'SpatialDE_pool_UMAP', 'HVG_UMAP', 'pseudobulk_UMAP', 'markers_UMAP', 'SpatialDE_PCA_spatial', 'SpatialDE_pool_PCA_spatial', 'HVG_PCA_spatial', 'pseudobulk_PCA_spatial', 'markers_PCA_spatial', 'SpatialDE_UMAP_spatial', 'SpatialDE_pool_UMAP_spatial', 'HVG_UMAP_spatial', 'pseudobulk_UMAP_spatial', 'markers_UMAP_spatial']
2025-12-29 22:30:35,885 [INFO]   使用 ground truth 列: 'layer_guess_reordered'
2025-12-29 22:30:35,885 [INFO]   共同 barcode 数: 3639 / 3639
2025-12-29 22:30:35,891 [INFO]   Ground Truth 分布:
2025-12-29 22:30:35,891 [INFO]     - Layer3: 989
2025-12-29 22:30:35,891 [INFO]     - Layer6: 692
2025-12-29 22:30:35,891 [INFO]     - Layer5: 673
2025-12-29 22:30:35,891 [INFO]     - WM: 513
2025-12-29 22:30:35,891 [INFO]     - Layer1: 273
2025-12-29 22:30:35,891 [INFO]     - Layer2: 253
2025-12-29 22:30:35,891 [INFO]     - Layer4: 218
2025-12-29 22:30:35,891 [INFO]     - NA: 28
2025-12-29 22:30:35,894 [INFO] 
  有效样本:  3611 / 3639 (99.2%)
2025-12-29 22:30:35,895 [INFO] 
  [DEBUG] 标签统计:
2025-12-29 22:30:35,896 [INFO]     - y_true 唯一值: 7 -> ['Layer1', 'Layer2', 'Layer3', 'Layer4', 'Layer5', 'Layer6', 'WM']
2025-12-29 22:30:35,896 [INFO]     - y_pred 唯一值: 7 -> ['0', '1', '2', '3', '4', '5', '6']
2025-12-29 22:30:35,941 [INFO] 
  ✅ 评估结果:
2025-12-29 22:30:35,941 [INFO]   ============================================================
2025-12-29 22:30:35,941 [INFO]   ARI (Adjusted Rand Index):           0.6409
2025-12-29 22:30:35,941 [INFO]   NMI (Normalized Mutual Info):        0.7202
2025-12-29 22:30:35,941 [INFO]   AMI (Adjusted Mutual Info):          0.7195
2025-12-29 22:30:35,941 [INFO]   FMI (Fowlkes-Mallows Index):         0.7060
2025-12-29 22:30:35,941 [INFO]   Homogeneity:                          0.7218
2025-12-29 22:30:35,941 [INFO]   Completeness:                         0.7187
2025-12-29 22:30:35,942 [INFO]   V-measure:                            0.7202
2025-12-29 22:30:35,942 [INFO]   ============================================================
2025-12-29 22:30:35,942 [INFO] 
  聚类 vs Ground Truth 交叉表:
2025-12-29 22:30:35,954 [INFO] 
True       Layer1  Layer2  Layer3  Layer4  Layer5  Layer6   WM
Predicted                                                     
0               0      10     885     188      23       0    0
1               0       0       0       0       0      25  456
2               3       0       0       0       3     224   57
3              65     243     104       0       0       0    0
4               0       0       0      30     534      23    0
5             205       0       0       0       0       0    0
6               0       0       0       0     113     420    0
2025-12-29 22:30:35,955 [INFO] 
  ✅ 保存评估结果到 results/gib_contrastive_v3/evaluation.csv
2025-12-29 22:30:35,961 [INFO]   ✅ 保存混淆矩阵到 results/gib_contrastive_v3/confusion_matrix.csv
2025-12-29 22:30:37,057 [INFO] 
🎨 生成可视化...
2025-12-29 22:30:38,942 [INFO]   ✅ 保存空间对比图到 results/gib_contrastive_v3/spatial_comparison.png
2025-12-29 22:30:41,188 [INFO]   ✅ 保存训练曲线到 results/gib_contrastive_v3/training_curves.png
2025-12-29 22:30:41,859 [INFO]   ✅ 保存GIB统计图到 results/gib_contrastive_v3/gib_statistics.png
2025-12-29 22:30:42,436 [INFO]   ✅ 保存聚类分布图到 results/gib_contrastive_v3/cluster_distribution.png
2025-12-29 22:30:42,436 [INFO]   ✅ 所有可视化完成
2025-12-29 22:30:42,436 [INFO] 
✨ 所有任务完成！
2025-12-29 22:30:42,483 [INFO] Embedded R ended.
